[new.gandilova.com/r-l7/index.html]
[backblue.gif]
[fade.gif]
[index.html]
[new.gandilova.com/wp-content/plugins/weddingpress/assets/css/modules/bdt-uikit5829.css]
[new.gandilova.com/r-l7/feed/index.html]
[new.gandilova.com/wp-content/plugins/weddingpress/assets/css/modules/ep-helper9dfc.css]
[new.gandilova.com/feed/index.html]
[new.gandilova.com/comments/feed/index.html]
[new.gandilova.com/wp-content/plugins/flat-preloader/assets/css/flat-preloader-publicf51d.css]
[new.gandilova.com/wp-content/plugins/weddingpress/assets/css/exad-styles.minef10.css]
[new.gandilova.com/wp-content/plugins/weddingpress/addons/comment-kit/css/wdp_styled537.css]
[new.gandilova.com/wp-content/themes/hello-elementor/style.min6e0e.css]
[new.gandilova.com/wp-content/themes/hello-elementor/theme.min6e0e.css]
[new.gandilova.com/wp-content/themes/hello-elementor/header-footer.min6e0e.css]
[new.gandilova.com/wp-content/plugins/elementor/assets/css/frontend-lite.mince8e.css]
[new.gandilova.com/wp-content/uploads/elementor/css/post-62b3d.css]
[new.gandilova.com/wp-content/plugins/elementor/assets/lib/swiper/v8/css/swiper.min94a4.css]
[new.gandilova.com/wp-content/plugins/elementor-pro/assets/css/frontend-lite.min7329.css]
[new.gandilova.com/wp-content/plugins/weddingpress/assets/css/wdp9dfc.css]
[new.gandilova.com/wp-content/plugins/weddingpress/assets/css/guest-book9dfc.css]
[new.gandilova.com/wp-content/uploads/elementor/css/global1a8a.css]
[new.gandilova.com/wp-content/uploads/elementor/css/post-1509cb3a.css]
[new.gandilova.com/wp-includes/js/jquery/jquery.minf43b.js]
[new.gandilova.com/wp-includes/js/jquery/jquery-migrate.min5589.js]
[new.gandilova.com/wp-content/plugins/extensions-for-elementor-form/assets/frontend-scripts7406.js]
[new.gandilova.com/wp-json/wp/v2/posts/1509.json]
[new.gandilova.com/xmlrpc0db0.php]
[new.gandilova.com/wp-json/index.html]
[new.gandilova.com/wp-json/oembed/1.0/embed3817.json]
[new.gandilova.com/wp-json/oembed/1.0/embed22f7]
[new.gandilova.com/wp-content/uploads/2023/12/Favicon-Gandi.png]
[new.gandilova.com/wp-content/uploads/2023/12/Gandilova-Foto-L-7-A.jpg]
[new.gandilova.com/wp-content/uploads/2023/12/Gandilova-Foto-L-7-I.jpg]
[new.gandilova.com/wp-content/plugins/elementor-pro/assets/css/widget-carousel.min.css]
[new.gandilova.com/r-l7/https_/in.senengbareng.com/wp-content/uploads/2023/12/Gandilova-Foto-L-7-J.jpg]
[new.gandilova.com/r-l7/https_/in.senengbareng.com/wp-content/uploads/2023/12/Gandilova-Foto-L-7-I.jpg]
[new.gandilova.com/r-l7/https_/in.senengbareng.com/wp-content/uploads/2023/12/Gandilova-Foto-L-7-H.jpg]
[new.gandilova.com/r-l7/https_/in.senengbareng.com/wp-content/uploads/2023/12/Gandilova-Foto-L-7-E.jpg]
[new.gandilova.com/r-l7/https_/in.senengbareng.com/wp-content/uploads/2023/12/Gandilova-Foto-L-7-B.jpg]
[new.gandilova.com/r-l7/https_/in.senengbareng.com/wp-content/uploads/2023/12/Gandilova-Foto-L-7-A.jpg]
[new.gandilova.com/wp-content/uploads/2023/12/BSI.png]
[new.gandilova.com/wp-content/uploads/2023/12/BCA-1.png]
[new.gandilova.com/wp-content/uploads/2023/12/Logo-Gandilova.png]
[new.gandilova.com/wp-content/uploads/2023/12/Sezairi-Its-You-Official-Music-Video.mp3]
[new.gandilova.com/r-l7/index5092.html]
[new.gandilova.com/wp-content/plugins/elementor/assets/lib/animations/animations.mince8e.css]
[new.gandilova.com/r-l7/^https]
[new.gandilova.com/wp-content/plugins/flat-preloader/assets/js/flat-preloaderf51d.js]
[new.gandilova.com/wp-content/plugins/weddingpress/assets/js/wdp-swiper.min.js]
[new.gandilova.com/wp-content/plugins/weddingpress/assets/js/qr-code.js]
[new.gandilova.com/wp-content/plugins/weddingpress/assets/js/exad-scripts.min9dfc.js]
[new.gandilova.com/wp-content/plugins/weddingpress/addons/comment-kit/js/wdp_scriptd537.js]
[new.gandilova.com/wp-content/plugins/weddingpress/addons/comment-kit/js/libs/jquery.jPages.minac14.js]
[new.gandilova.com/wp-content/plugins/weddingpress/addons/comment-kit/js/libs/jquery.textareaCounterd5f7.js]
[new.gandilova.com/wp-content/plugins/weddingpress/addons/comment-kit/js/libs/jquery.placeholder.min5d0a.js]
[new.gandilova.com/wp-content/plugins/weddingpress/addons/comment-kit/js/libs/autosize.mind50e.js]
[new.gandilova.com/wp-content/themes/hello-elementor/assets/js/hello-frontend.min6e0e.js]
[new.gandilova.com/wp-content/plugins/elementor/assets/lib/jquery-numerator/jquery-numerator.min3958.js]
[new.gandilova.com/wp-includes/js/imagesloaded.minbb93.js]
[new.gandilova.com/wp-content/plugins/elementor-pro/assets/js/webpack-pro.runtime.min7329.js]
[new.gandilova.com/wp-content/plugins/elementor/assets/js/webpack.runtime.mince8e.js]
[new.gandilova.com/wp-content/plugins/elementor/assets/js/frontend-modules.mince8e.js]
[new.gandilova.com/wp-includes/js/dist/vendor/wp-polyfill-inert.min0226.js]
[new.gandilova.com/wp-includes/js/dist/vendor/regenerator-runtime.min6c85.js]
[new.gandilova.com/wp-includes/js/dist/vendor/wp-polyfill.min2c7c.js]
[new.gandilova.com/wp-includes/js/dist/hooks.min2757.js]
[new.gandilova.com/wp-includes/js/dist/i18n.minc33c.js]
[new.gandilova.com/wp-content/plugins/elementor-pro/assets/js/frontend.min7329.js]
[new.gandilova.com/wp-content/plugins/elementor/assets/lib/waypoints/waypoints.min05da.js]
[new.gandilova.com/wp-includes/js/jquery/ui/core.min3f14.js]
[new.gandilova.com/wp-content/plugins/elementor/assets/js/frontend.mince8e.js]
[new.gandilova.com/wp-content/plugins/elementor-pro/assets/js/elements-handlers.min7329.js]
[new.gandilova.com/wp-content/plugins/weddingpress/assets/js/modules/bdt-uikit5829.js]
[new.gandilova.com/wp-content/plugins/elementor-pro/assets/lib/sticky/jquery.sticky.min7329.js]
[new.gandilova.com/wp-content/plugins/weddingpress/assets/js/wdp.min9dfc.js]
[new.gandilova.com/r-l7/index.html]
[new.gandilova.com/wp-content/plugins/weddingpress/assets/images/backgrounds/divider-icon.svg]
[new.gandilova.com/wp-content/plugins/weddingpress/assets/images/backgrounds/list-bullet.svg]
[new.gandilova.com/wp-content/plugins/weddingpress/assets/images/backgrounds/form-datalist.svg]
[new.gandilova.com/wp-content/plugins/weddingpress/assets/css/modules/bdt-uikit5829.css]
[new.gandilova.com/wp-content/plugins/weddingpress/assets/css/images/loading.svg]
[new.gandilova.com/wp-content/plugins/weddingpress/assets/css/modules/ep-helper9dfc.css]
[new.gandilova.com/wp-content/plugins/flat-preloader/assets/css/flat-preloader-publicf51d.css]
[new.gandilova.com/wp-content/plugins/extensions-for-elementor-form/assets/style7406.css]
[new.gandilova.com/wp-content/plugins/weddingpress/assets/css/exad-styles.minef10.css]
[new.gandilova.com/wp-content/plugins/weddingpress/addons/comment-kit/css/fonts/wdpfont7137.eot]
[new.gandilova.com/wp-content/plugins/weddingpress/addons/comment-kit/css/fonts/wdpfont7137.ttf]
[new.gandilova.com/wp-content/plugins/weddingpress/addons/comment-kit/css/fonts/wdpfont7137.woff]
[new.gandilova.com/wp-content/plugins/weddingpress/addons/comment-kit/css/fonts/wdpfont7137.svg]
[new.gandilova.com/wp-content/plugins/weddingpress/addons/comment-kit/css/images/modal_x.png]
[new.gandilova.com/wp-content/plugins/weddingpress/addons/comment-kit/css/wdp_styled537.css]
[new.gandilova.com/wp-content/themes/hello-elementor/style.min6e0e.css]
[new.gandilova.com/wp-content/themes/hello-elementor/theme.min6e0e.css]
[new.gandilova.com/wp-content/themes/hello-elementor/header-footer.min6e0e.css]
[new.gandilova.com/wp-content/plugins/elementor/assets/css/frontend-lite.mince8e.css]
[new.gandilova.com/wp-content/uploads/elementor/css/post-62b3d.css]
[new.gandilova.com/wp-content/plugins/elementor/assets/lib/swiper/v8/css/swiper.min94a4.css]
[new.gandilova.com/wp-content/plugins/elementor-pro/assets/css/frontend-lite.min7329.css]
[new.gandilova.com/wp-content/plugins/weddingpress/assets/css/wdp9dfc.css]
[new.gandilova.com/wp-content/plugins/weddingpress/assets/css/guest-book9dfc.css]
[new.gandilova.com/wp-content/uploads/elementor/css/global1a8a.css]
[new.gandilova.com/wp-content/uploads/2023/12/BG-L-3.jpg]
[new.gandilova.com/wp-content/uploads/2023/12/Gandilova-Foto-L-7-H.jpg]
[new.gandilova.com/wp-content/uploads/2023/12/Gandilova-Foto-L-7-B.jpg]
[new.gandilova.com/wp-content/uploads/2023/12/NewYork.eot]
[new.gandilova.com/wp-content/uploads/2023/12/NewYorkd41d.eot]
[new.gandilova.com/wp-content/uploads/2023/12/NewYork.woff2]
[new.gandilova.com/wp-content/uploads/2023/12/NewYork.woff]
[new.gandilova.com/wp-content/uploads/2023/12/NewYork.ttf]
[new.gandilova.com/wp-content/uploads/elementor/css/post-1509cb3a.css]
[fonts.gstatic.com/index.html]
[new.gandilova.com/wp-includes/js/jquery/jquery.minf43b.js]
[new.gandilova.com/wp-includes/js/jquery/jquery-migrate.min5589.js]
[new.gandilova.com/wp-content/plugins/extensions-for-elementor-form/assets/frontend-scripts7406.js]
[new.gandilova.com/index9e5e.html]
[www.googletagmanager.com/gtm5445.html]
[new.gandilova.com/wp-content/plugins/elementor-pro/assets/css/widget-carousel.min.css]
[new.gandilova.com/r-l7/https_/in.senengbareng.com/wp-content/uploads/2023/12/Gandilova-Foto-L-7-J.html]
[new.gandilova.com/r-l7/https_/in.senengbareng.com/wp-content/uploads/2023/12/Gandilova-Foto-L-7-I.html]
[new.gandilova.com/r-l7/https_/in.senengbareng.com/wp-content/uploads/2023/12/Gandilova-Foto-L-7-H.html]
[new.gandilova.com/r-l7/https_/in.senengbareng.com/wp-content/uploads/2023/12/Gandilova-Foto-L-7-E.html]
[new.gandilova.com/r-l7/https_/in.senengbareng.com/wp-content/uploads/2023/12/Gandilova-Foto-L-7-B.html]
[new.gandilova.com/r-l7/https_/in.senengbareng.com/wp-content/uploads/2023/12/Gandilova-Foto-L-7-A.html]
[new.gandilova.com/r-l7/index5092.html]
[new.gandilova.com/wp-content/plugins/elementor/assets/lib/animations/animations.mince8e.css]
[new.gandilova.com/r-l7/^https.html]
[new.gandilova.com/wp-content/plugins/flat-preloader/assets/js/flat-preloaderf51d.js]
[new.gandilova.com/wp-content/plugins/weddingpress/assets/js/wdp-swiper.min.js]
[new.gandilova.com/wp-content/uploads/2023/12/NewYork.svg]
[new.gandilova.com/wp-content/plugins/weddingpress/assets/js/qr-code.js]
[new.gandilova.com/r-l7/Gecko/index.html]
[new.gandilova.com/wp-content/plugins/weddingpress/assets/js/exad-scripts.min9dfc.js]
[new.gandilova.com/wp-content/plugins/weddingpress/addons/comment-kit/js/wdp_scriptd537.js]
[new.gandilova.com/wp-content/plugins/weddingpress/addons/comment-kit/js/libs/jquery.jPages.minac14.js]
[new.gandilova.com/wp-content/plugins/weddingpress/addons/comment-kit/js/libs/jquery.textareaCounterd5f7.js]
[new.gandilova.com/wp-content/plugins/weddingpress/addons/comment-kit/js/libs/jquery.placeholder.min5d0a.js]
[new.gandilova.com/wp-content/plugins/weddingpress/addons/comment-kit/js/libs/autosize.mind50e.js]
[new.gandilova.com/wp-content/themes/hello-elementor/assets/js/hello-frontend.min6e0e.js]
[new.gandilova.com/wp-content/plugins/elementor/assets/lib/jquery-numerator/jquery-numerator.min3958.js]
[new.gandilova.com/wp-includes/js/imagesloaded.minbb93.js]
[new.gandilova.com/wp-content/plugins/elementor-pro/assets/js/webpack-pro.runtime.min7329.js]
[new.gandilova.com/wp-content/plugins/elementor/assets/js/webpack.runtime.mince8e.js]
[new.gandilova.com/wp-content/plugins/elementor/assets/js/frontend-modules.mince8e.js]
[new.gandilova.com/wp-includes/js/dist/vendor/wp-polyfill-inert.min0226.js]
[new.gandilova.com/wp-includes/js/dist/vendor/regenerator-runtime.min6c85.js]
[new.gandilova.com/wp-includes/js/dist/vendor/wp-polyfill.min2c7c.js]
[new.gandilova.com/wp-includes/js/dist/hooks.min2757.js]
[new.gandilova.com/wp-includes/js/dist/i18n.minc33c.js]
[new.gandilova.com/wp-content/plugins/elementor-pro/assets/js/frontend.min7329.js]
[new.gandilova.com/wp-content/plugins/elementor/assets/lib/waypoints/waypoints.min05da.js]
[new.gandilova.com/wp-includes/js/jquery/ui/core.min3f14.js]
[new.gandilova.com/r-l7/Firefox/index.html]
[new.gandilova.com/r-l7/Version/index.html]
[new.gandilova.com/r-l7/version/index-2.html]
[new.gandilova.com/r-l7/-negative.svg]
[new.gandilova.com/wp-content/plugins/elementor/assets/js/frontend.mince8e.js]
[new.gandilova.com/r-l7/window.location.href]
[new.gandilova.com/wp-content/plugins/elementor-pro/assets/js/elements-handlers.min7329.js]
[new.gandilova.com/wp-content/plugins/weddingpress/assets/js/modules/bdt-uikit5829.js]
[new.gandilova.com/wp-content/plugins/elementor-pro/assets/lib/sticky/jquery.sticky.min7329.js]
[new.gandilova.com/wp-content/plugins/weddingpress/assets/js/wdp.min9dfc.js]
[new.gandilova.com/wp-content/plugins/weddingpress/assets/images/backgrounds/divider-icon.html]
[new.gandilova.com/wp-content/plugins/weddingpress/assets/images/backgrounds/list-bullet.html]
[new.gandilova.com/wp-content/plugins/weddingpress/assets/images/backgrounds/form-datalist.html]
[new.gandilova.com/wp-content/plugins/weddingpress/assets/css/images/loading.html]
[new.gandilova.com/wp-content/plugins/weddingpress/addons/comment-kit/css/fonts/wdpfont7137.svg]
[new.gandilova.com/index.html]
[new.gandilova.com/wp-content/uploads/2023/12/NewYork.svg]
[new.gandilova.com/r-l7/Gecko/index.html]
[new.gandilova.com/r-l7/Firefox/index.html]
[new.gandilova.com/r-l7/Version/index.html]
[new.gandilova.com/r-l7/version/index-2.html]
[new.gandilova.com/r-l7/-negative.html]
[new.gandilova.com/r-l7/Trident/index.html]
[new.gandilova.com/r-l7/OPR/index.html]
[new.gandilova.com/r-l7/OPR/index.html]
[new.gandilova.com/r-l7/window.location.html]
[new.gandilova.com/r-l7/Trident/index.html]
[new.gandilova.com/r-l7/Edge/index.html]
[new.gandilova.com/r-l7/Edge/index.html]
