[new.gandilova.com/r-l6/index.html]
[backblue.gif]
[fade.gif]
[index.html]
[new.gandilova.com/wp-content/plugins/weddingpress/assets/css/modules/bdt-uikit5829.css]
[new.gandilova.com/wp-content/plugins/weddingpress/assets/css/modules/ep-helper9dfc.css]
[new.gandilova.com/r-l6/feed/index.html]
[new.gandilova.com/wp-content/plugins/flat-preloader/assets/css/flat-preloader-publicf51d.css]
[new.gandilova.com/comments/feed/index.html]
[new.gandilova.com/feed/index.html]
[new.gandilova.com/wp-content/plugins/weddingpress/assets/css/exad-styles.minef10.css]
[new.gandilova.com/wp-content/plugins/weddingpress/addons/comment-kit/css/wdp_styled537.css]
[new.gandilova.com/wp-content/themes/hello-elementor/style.min6e0e.css]
[new.gandilova.com/wp-content/themes/hello-elementor/theme.min6e0e.css]
[new.gandilova.com/wp-content/themes/hello-elementor/header-footer.min6e0e.css]
[new.gandilova.com/wp-content/plugins/elementor/assets/css/frontend-lite.mince8e.css]
[new.gandilova.com/wp-content/uploads/elementor/css/post-62b3d.css]
[new.gandilova.com/wp-content/plugins/elementor/assets/lib/swiper/v8/css/swiper.min94a4.css]
[new.gandilova.com/wp-content/plugins/elementor-pro/assets/css/frontend-lite.min7329.css]
[new.gandilova.com/wp-content/plugins/weddingpress/assets/css/wdp9dfc.css]
[new.gandilova.com/wp-content/plugins/weddingpress/assets/css/guest-book9dfc.css]
[new.gandilova.com/wp-content/uploads/elementor/css/global1a8a.css]
[new.gandilova.com/wp-content/uploads/elementor/css/post-1508f1e3.css]
[new.gandilova.com/wp-includes/js/jquery/jquery.minf43b.js]
[new.gandilova.com/wp-includes/js/jquery/jquery-migrate.min5589.js]
[new.gandilova.com/wp-content/plugins/extensions-for-elementor-form/assets/frontend-scripts7406.js]
[new.gandilova.com/wp-json/wp/v2/posts/1508.json]
[new.gandilova.com/wp-json/index.html]
[new.gandilova.com/xmlrpc0db0.php]
[new.gandilova.com/wp-json/oembed/1.0/embeddc6e.json]
[new.gandilova.com/wp-json/oembed/1.0/embed5c62]
[new.gandilova.com/wp-content/uploads/2023/12/Favicon-Gandi.png]
[new.gandilova.com/wp-content/uploads/2023/12/WhatsApp-Image-2022-04-10-at-21.43.29-4.jpg]
[new.gandilova.com/wp-content/uploads/2023/12/The-Wedding-Of-2.png]
[new.gandilova.com/wp-content/uploads/2023/12/Cos.-Feren-Anggi-face-coeo.png]
[new.gandilova.com/wp-content/uploads/2023/12/Filter-L-6.png]
[new.gandilova.com/wp-content/uploads/2023/12/WhatsApp-Image-2022-04-10-at-21.43.29-576x1024.jpg]
[new.gandilova.com/wp-content/uploads/2023/12/WhatsApp-Image-2022-04-10-at-21.43.24-576x1024.jpg]
[new.gandilova.com/wp-content/uploads/2023/12/WhatsApp-Image-2022-04-10-at-21.43.25-1-576x1024.jpg]
[new.gandilova.com/wp-content/uploads/2023/12/WhatsApp-Image-2022-04-10-at-21.43.25-576x1024.jpg]
[new.gandilova.com/wp-content/uploads/2023/12/WhatsApp-Image-2022-04-10-at-21.43.27-576x1024.jpg]
[new.gandilova.com/wp-content/uploads/2023/12/WhatsApp-Image-2022-04-10-at-21.43.29-1-576x1024.jpg]
[new.gandilova.com/wp-content/uploads/2023/12/WhatsApp-Image-2022-04-10-at-21.43.29-2-577x1024.jpg]
[new.gandilova.com/wp-content/uploads/2023/12/WhatsApp-Image-2022-04-10-at-21.43.30-1-682x1024.jpg]
[new.gandilova.com/wp-content/uploads/2023/12/WhatsApp-Image-2022-04-10-at-21.43.30-682x1024.jpg]
[new.gandilova.com/wp-content/uploads/2023/12/WhatsApp-Image-2022-04-10-at-21.43.29-3-576x1024.jpg]
[new.gandilova.com/wp-content/uploads/2023/12/BSI.png]
[new.gandilova.com/wp-content/uploads/2023/12/BCA-1.png]
[new.gandilova.com/wp-content/uploads/2023/12/y2mate-mp3cut.net_-7-1.mp3]
[new.gandilova.com/wp-content/plugins/elementor/assets/lib/animations/animations.mince8e.css]
[new.gandilova.com/r-l6/index1284.html]
[new.gandilova.com/r-l6/^https]
[new.gandilova.com/wp-content/plugins/flat-preloader/assets/js/flat-preloaderf51d.js]
[new.gandilova.com/wp-content/plugins/weddingpress/assets/js/wdp-swiper.min.js]
[new.gandilova.com/wp-content/plugins/weddingpress/assets/js/qr-code.js]
[new.gandilova.com/wp-content/plugins/weddingpress/assets/js/exad-scripts.min9dfc.js]
[new.gandilova.com/wp-content/plugins/weddingpress/addons/comment-kit/js/wdp_scriptd537.js]
[new.gandilova.com/wp-content/plugins/weddingpress/addons/comment-kit/js/libs/jquery.jPages.minac14.js]
[new.gandilova.com/wp-content/plugins/weddingpress/addons/comment-kit/js/libs/jquery.textareaCounterd5f7.js]
[new.gandilova.com/wp-content/plugins/weddingpress/addons/comment-kit/js/libs/jquery.placeholder.min5d0a.js]
[new.gandilova.com/wp-content/plugins/weddingpress/addons/comment-kit/js/libs/autosize.mind50e.js]
[new.gandilova.com/wp-content/themes/hello-elementor/assets/js/hello-frontend.min6e0e.js]
[new.gandilova.com/wp-content/plugins/elementor/assets/lib/jquery-numerator/jquery-numerator.min3958.js]
[new.gandilova.com/wp-content/plugins/elementor-pro/assets/js/webpack-pro.runtime.min7329.js]
[new.gandilova.com/wp-content/plugins/elementor/assets/js/webpack.runtime.mince8e.js]
[new.gandilova.com/wp-content/plugins/elementor/assets/js/frontend-modules.mince8e.js]
[new.gandilova.com/wp-includes/js/dist/vendor/wp-polyfill-inert.min0226.js]
[new.gandilova.com/wp-includes/js/dist/vendor/regenerator-runtime.min6c85.js]
[new.gandilova.com/wp-includes/js/dist/vendor/wp-polyfill.min2c7c.js]
[new.gandilova.com/wp-includes/js/dist/hooks.min2757.js]
[new.gandilova.com/wp-includes/js/dist/i18n.minc33c.js]
[new.gandilova.com/wp-content/plugins/elementor-pro/assets/js/frontend.min7329.js]
[new.gandilova.com/wp-content/plugins/elementor/assets/lib/waypoints/waypoints.min05da.js]
[new.gandilova.com/wp-includes/js/jquery/ui/core.min3f14.js]
[new.gandilova.com/wp-content/plugins/elementor/assets/js/frontend.mince8e.js]
[new.gandilova.com/wp-content/plugins/elementor-pro/assets/js/elements-handlers.min7329.js]
[new.gandilova.com/wp-content/plugins/weddingpress/assets/js/modules/bdt-uikit5829.js]
[new.gandilova.com/wp-content/plugins/elementor-pro/assets/lib/sticky/jquery.sticky.min7329.js]
[new.gandilova.com/wp-content/plugins/weddingpress/assets/js/wdp.min9dfc.js]
[new.gandilova.com/r-l6/index.html]
[new.gandilova.com/wp-content/plugins/weddingpress/assets/images/backgrounds/divider-icon.svg]
[new.gandilova.com/wp-content/plugins/weddingpress/assets/images/backgrounds/list-bullet.svg]
[new.gandilova.com/wp-content/plugins/weddingpress/assets/images/backgrounds/form-datalist.svg]
[new.gandilova.com/wp-content/plugins/weddingpress/assets/css/modules/bdt-uikit5829.css]
[new.gandilova.com/wp-content/plugins/weddingpress/assets/css/images/loading.svg]
[new.gandilova.com/wp-content/plugins/weddingpress/assets/css/modules/ep-helper9dfc.css]
[new.gandilova.com/wp-content/plugins/flat-preloader/assets/css/flat-preloader-publicf51d.css]
[new.gandilova.com/wp-content/plugins/extensions-for-elementor-form/assets/style7406.css]
[new.gandilova.com/wp-content/plugins/weddingpress/assets/css/exad-styles.minef10.css]
[new.gandilova.com/wp-content/plugins/weddingpress/addons/comment-kit/css/fonts/wdpfont7137.eot]
[new.gandilova.com/wp-content/plugins/weddingpress/addons/comment-kit/css/fonts/wdpfont7137.ttf]
[new.gandilova.com/wp-content/plugins/weddingpress/addons/comment-kit/css/fonts/wdpfont7137.woff]
[new.gandilova.com/wp-content/plugins/weddingpress/addons/comment-kit/css/fonts/wdpfont7137.svg]
[new.gandilova.com/wp-content/plugins/weddingpress/addons/comment-kit/css/images/modal_x.png]
[new.gandilova.com/wp-content/plugins/weddingpress/addons/comment-kit/css/wdp_styled537.css]
[new.gandilova.com/wp-content/themes/hello-elementor/style.min6e0e.css]
[new.gandilova.com/wp-content/themes/hello-elementor/theme.min6e0e.css]
[new.gandilova.com/wp-content/themes/hello-elementor/header-footer.min6e0e.css]
[new.gandilova.com/wp-content/plugins/elementor/assets/css/frontend-lite.mince8e.css]
[new.gandilova.com/wp-content/uploads/elementor/css/post-62b3d.css]
[new.gandilova.com/wp-content/plugins/elementor/assets/lib/swiper/v8/css/swiper.min94a4.css]
[new.gandilova.com/wp-content/plugins/elementor-pro/assets/css/frontend-lite.min7329.css]
[new.gandilova.com/wp-content/plugins/weddingpress/assets/css/wdp9dfc.css]
[new.gandilova.com/wp-content/plugins/weddingpress/assets/css/guest-book9dfc.css]
[new.gandilova.com/wp-content/uploads/elementor/css/global1a8a.css]
[new.gandilova.com/wp-content/uploads/2023/12/WhatsApp-Image-2022-04-10-at-21.43.29-3.jpg]
[new.gandilova.com/wp-content/uploads/2023/12/WhatsApp-Image-2022-04-10-at-21.43.26-1.jpg]
[new.gandilova.com/wp-content/uploads/2023/12/BG-66.png]
[new.gandilova.com/wp-content/uploads/elementor/css/post-1508f1e3.css]
[fonts.gstatic.com/index.html]
[new.gandilova.com/wp-includes/js/jquery/jquery.minf43b.js]
[new.gandilova.com/wp-includes/js/jquery/jquery-migrate.min5589.js]
[new.gandilova.com/wp-content/plugins/extensions-for-elementor-form/assets/frontend-scripts7406.js]
[new.gandilova.com/index99b7.html]
[www.googletagmanager.com/gtm5445.html]
[new.gandilova.com/wp-content/uploads/2023/12/Cos.-Feren-Anggi-face-cewe.png]
[new.gandilova.com/wp-content/uploads/2023/12/BUNGA.png]
[new.gandilova.com/r-l6/index1284.html]
[new.gandilova.com/wp-content/uploads/2023/12/Logo-Gandilova.png]
[new.gandilova.com/wp-content/plugins/elementor/assets/lib/animations/animations.mince8e.css]
[new.gandilova.com/r-l6/^https.html]
[new.gandilova.com/wp-content/plugins/flat-preloader/assets/js/flat-preloaderf51d.js]
[new.gandilova.com/wp-content/plugins/weddingpress/assets/js/wdp-swiper.min.js]
[new.gandilova.com/wp-content/plugins/weddingpress/assets/js/qr-code.js]
[new.gandilova.com/wp-content/plugins/weddingpress/assets/js/exad-scripts.min9dfc.js]
[new.gandilova.com/r-l6/Trident/index.html]
[new.gandilova.com/r-l6/Edge/index.html]
[new.gandilova.com/r-l6/Gecko/index.html]
[new.gandilova.com/wp-content/plugins/weddingpress/addons/comment-kit/js/wdp_scriptd537.js]
[new.gandilova.com/wp-content/plugins/weddingpress/addons/comment-kit/js/libs/jquery.jPages.minac14.js]
[new.gandilova.com/wp-content/plugins/weddingpress/addons/comment-kit/js/libs/jquery.textareaCounterd5f7.js]
[new.gandilova.com/wp-content/plugins/weddingpress/addons/comment-kit/js/libs/jquery.placeholder.min5d0a.js]
[new.gandilova.com/wp-content/plugins/weddingpress/addons/comment-kit/js/libs/autosize.mind50e.js]
[new.gandilova.com/wp-content/themes/hello-elementor/assets/js/hello-frontend.min6e0e.js]
[new.gandilova.com/wp-content/plugins/elementor/assets/lib/jquery-numerator/jquery-numerator.min3958.js]
[new.gandilova.com/wp-content/plugins/elementor-pro/assets/js/webpack-pro.runtime.min7329.js]
[new.gandilova.com/wp-content/plugins/elementor/assets/js/webpack.runtime.mince8e.js]
[new.gandilova.com/wp-content/plugins/elementor/assets/js/frontend-modules.mince8e.js]
[new.gandilova.com/wp-includes/js/dist/vendor/wp-polyfill-inert.min0226.js]
[new.gandilova.com/wp-includes/js/dist/vendor/regenerator-runtime.min6c85.js]
[new.gandilova.com/wp-includes/js/dist/vendor/wp-polyfill.min2c7c.js]
[new.gandilova.com/wp-includes/js/dist/hooks.min2757.js]
[new.gandilova.com/wp-includes/js/dist/i18n.minc33c.js]
[new.gandilova.com/wp-content/plugins/elementor-pro/assets/js/frontend.min7329.js]
[new.gandilova.com/wp-content/plugins/elementor/assets/lib/waypoints/waypoints.min05da.js]
[new.gandilova.com/wp-includes/js/jquery/ui/core.min3f14.js]
[new.gandilova.com/r-l6/Version/index.html]
[new.gandilova.com/r-l6/version/index-2.html]
[new.gandilova.com/r-l6/-negative.svg]
[new.gandilova.com/wp-content/plugins/elementor/assets/js/frontend.mince8e.js]
[new.gandilova.com/r-l6/window.location.href]
[new.gandilova.com/wp-content/plugins/elementor-pro/assets/js/elements-handlers.min7329.js]
[new.gandilova.com/wp-content/plugins/weddingpress/assets/js/modules/bdt-uikit5829.js]
[new.gandilova.com/wp-content/plugins/elementor-pro/assets/lib/sticky/jquery.sticky.min7329.js]
[new.gandilova.com/wp-content/plugins/weddingpress/assets/js/wdp.min9dfc.js]
[new.gandilova.com/wp-content/plugins/weddingpress/assets/images/backgrounds/divider-icon.html]
[new.gandilova.com/wp-content/plugins/weddingpress/assets/images/backgrounds/list-bullet.html]
[new.gandilova.com/wp-content/plugins/weddingpress/assets/images/backgrounds/form-datalist.html]
[new.gandilova.com/wp-content/plugins/weddingpress/assets/css/images/loading.html]
[new.gandilova.com/wp-content/plugins/weddingpress/addons/comment-kit/css/fonts/wdpfont7137.svg]
[new.gandilova.com/index.html]
[new.gandilova.com/r-l6/Trident/index.html]
[new.gandilova.com/r-l6/Edge/index.html]
[new.gandilova.com/r-l6/Gecko/index.html]
[new.gandilova.com/r-l6/Version/index.html]
[new.gandilova.com/r-l6/version/index-2.html]
[new.gandilova.com/r-l6/-negative.html]
[new.gandilova.com/r-l6/OPR/index.html]
[new.gandilova.com/r-l6/OPR/index.html]
[new.gandilova.com/r-l6/window.location.html]
[new.gandilova.com/r-l6/Firefox/index.html]
[new.gandilova.com/r-l6/Firefox/index.html]
